asdfasdfasdsfads
